// Jest Snapshot v1, https://goo.gl/fbAQLP

exports[`should render signInRegisterPage component 1`] = `<signInRegisterPage />`;
