// Jest Snapshot v1, https://goo.gl/fbAQLP

exports[`CartDropdown component should render CartDropdown component 1`] = `
<styled.div>
  <styled.div>
    <CartItem
      cartItem={
        Object {
          "id": 1,
        }
      }
      key="1"
    />
    <CartItem
      cartItem={
        Object {
          "id": 2,
        }
      }
      key="2"
    />
    <CartItem
      cartItem={
        Object {
          "id": 3,
        }
      }
      key="3"
    />
  </styled.div>
  <CartDropdownButton
    onClick={[Function]}
  >
    GO TO PAYMENT
  </CartDropdownButton>
</styled.div>
`;
