// Jest Snapshot v1, https://goo.gl/fbAQLP

exports[`CustomButton tests expect CustomButton renders properly 1`] = `<styled.button />`;
