// Jest Snapshot v1, https://goo.gl/fbAQLP

exports[`MenuItem component should render MenuItem component 1`] = `
<MenuItemContainer
  onClick={[Function]}
  size="large"
>
  <BackgroundImageContainer
    className="background-image"
    imageUrl="testimage"
  />
  <styled.div>
    <styled.span>
      HATS
    </styled.span>
    <styled.span>
      Shop Now
    </styled.span>
  </styled.div>
</MenuItemContainer>
`;
