// Jest Snapshot v1, https://goo.gl/fbAQLP

exports[`Navbar component tests should render Navbar component 1`] = `
<styled.div>
  <Styled(Link)
    to="/"
  >
    <ForwardRef(SvgLogo)
      className="logo"
    />
  </Styled(Link)>
  <styled.div>
    <OptionLink
      to="/shop"
    >
      SHOP
    </OptionLink>
    <OptionLink
      to="/contact"
    >
      CONTACT
    </OptionLink>
    <div
      className="links"
      onClick={[MockFunction]}
    >
      SIGN OUT
    </div>
    <Connect(CartIcon) />
  </styled.div>
</styled.div>
`;
